// Jest Snapshot v1, https://goo.gl/fbAQLP

exports[`Payment Snapshot Comprobar la UI del componente Footer 1`] = `
<div>
  <span
    onClick={[Function]}
  >
    <button
      className="btn btn-block btn-primary"
    >
      Comprar
    </button>
  </span>
</div>
`;
